Detecting compiler hash for triplet x64-windows...
Compiler found: C:/Program Files/Microsoft Visual Studio/18/Community/VC/Tools/MSVC/14.51.36231/bin/Hostx64/x64/cl.exe
The following packages are already installed:
  * boost-algorithm:x64-windows@1.92.0
  * boost-align:x64-windows@1.92.0
  * boost-array:x64-windows@1.92.0
    boost-asio[core,spawn,deadline-timer]:x64-windows@1.92.0
  * boost-assert:x64-windows@1.92.0
  * boost-atomic:x64-windows@1.92.0
  * boost-bind:x64-windows@1.92.0
  * boost-chrono:x64-windows@1.92.0
  * boost-cmake:x64-windows@1.92.0
  * boost-compat:x64-windows@1.92.0
  * boost-concept-check:x64-windows@1.92.0
  * boost-config:x64-windows@1.92.0
  * boost-container:x64-windows@1.92.0
  * boost-container-hash:x64-windows@1.92.0
  * boost-context:x64-windows@1.92.0
  * boost-conversion:x64-windows@1.92.0
  * boost-core:x64-windows@1.92.0
  * boost-date-time:x64-windows@1.92.0
  * boost-describe:x64-windows@1.92.0
  * boost-detail:x64-windows@1.92.0
  * boost-exception:x64-windows@1.92.0
  * boost-function:x64-windows@1.92.0
  * boost-function-types:x64-windows@1.92.0
  * boost-fusion:x64-windows@1.92.0
  * boost-headers:x64-windows@1.92.0
  * boost-integer:x64-windows@1.92.0
  * boost-intrusive:x64-windows@1.92.0
  * boost-io:x64-windows@1.92.0
  * boost-iterator:x64-windows@1.92.0
  * boost-lexical-cast:x64-windows@1.92.0
  * boost-move:x64-windows@1.92.0
  * boost-mp11:x64-windows@1.92.0
  * boost-mpl:x64-windows@1.92.0
  * boost-numeric-conversion:x64-windows@1.92.0
  * boost-optional:x64-windows@1.92.0
  * boost-pool:x64-windows@1.92.0
  * boost-predef:x64-windows@1.92.0
  * boost-preprocessor:x64-windows@1.92.0
  * boost-range:x64-windows@1.92.0
  * boost-ratio:x64-windows@1.92.0
  * boost-regex:x64-windows@1.92.0
  * boost-smart-ptr:x64-windows@1.92.0
  * boost-static-assert:x64-windows@1.92.0
    boost-system:x64-windows@1.92.0
    boost-thread:x64-windows@1.92.0
  * boost-throw-exception:x64-windows@1.92.0
  * boost-tokenizer:x64-windows@1.92.0
  * boost-tuple:x64-windows@1.92.0
  * boost-type-traits:x64-windows@1.92.0
  * boost-typeof:x64-windows@1.92.0
  * boost-uninstall:x64-windows@1.92.0
  * boost-unordered:x64-windows@1.92.0
  * boost-utility:x64-windows@1.92.0
  * boost-variant2:x64-windows@1.92.0
  * boost-winapi:x64-windows@1.92.0
  * vcpkg-boost:x64-windows@2026-08-21
  * vcpkg-cmake:x64-windows@2025-08-07
  * vcpkg-cmake-config:x64-windows@2026-07-21
boost-system is compatible with built-in CMake targets of FindBoost.cmake:

    find_package(Boost REQUIRED COMPONENTS system)
    target_link_libraries(main PRIVATE Boost::system)

or the generated cmake configs via:

    find_package(boost_system REQUIRED CONFIG)
    target_link_libraries(main PRIVATE Boost::system)

boost-asio is compatible with built-in CMake targets of FindBoost.cmake:

    find_package(Boost REQUIRED COMPONENTS asio)
    target_link_libraries(main PRIVATE Boost::asio)

or the generated cmake configs via:

    find_package(boost_asio REQUIRED CONFIG)
    target_link_libraries(main PRIVATE Boost::asio)

boost-thread is compatible with built-in CMake targets of FindBoost.cmake:

    find_package(Boost REQUIRED COMPONENTS thread)
    target_link_libraries(main PRIVATE Boost::thread)

or the generated cmake configs via:

    find_package(boost_thread REQUIRED CONFIG)
    target_link_libraries(main PRIVATE Boost::thread)

All requested installations completed successfully in: 1.37 ms
